\BOOKMARK [1][-]{section.1}{\376\377\137\025\212\000}{}% 1
\BOOKMARK [1][-]{section.2}{\376\377\166\370\121\163\135\345\117\134}{}% 2
\BOOKMARK [1][-]{section.3}{\376\377\145\160\143\156\226\306\147\204\136\372}{}% 3
\BOOKMARK [2][-]{subsection.3.1}{\376\377\145\160\143\156\147\145\156\220\116\016\221\307\226\306}{section.3}% 4
\BOOKMARK [2][-]{subsection.3.2}{\376\377\145\160\143\156\226\306\230\204\131\004\164\006\116\016\150\007\154\350}{section.3}% 5
\BOOKMARK [2][-]{subsection.3.3}{\376\377\145\160\143\156\226\306\176\337\213\241\116\016\123\357\211\306\123\026}{section.3}% 6
\BOOKMARK [1][-]{section.4}{\376\377\127\372\116\216\146\362\176\277\166\370\117\074\140\047\166\204\137\002\136\070\213\304\122\006\145\271\154\325}{}% 7
\BOOKMARK [2][-]{subsection.4.1}{\376\377\127\372\116\216\153\047\154\017\215\335\171\273\166\204\145\160\120\074\166\370\117\074\140\047\136\246\221\317}{section.4}% 8
\BOOKMARK [2][-]{subsection.4.2}{\376\377\127\372\116\216\201\352\177\026\170\001\126\150\135\114\121\145\166\204\137\142\140\001\166\370\117\074\140\047\136\246\221\317}{section.4}% 9
\BOOKMARK [2][-]{subsection.4.3}{\376\377\127\372\116\216\134\100\220\350\133\306\136\246\166\204\120\117\171\273\213\304\122\006}{section.4}% 10
\BOOKMARK [2][-]{subsection.4.4}{\376\377\123\302\145\160\145\117\141\037\140\047\122\006\147\220}{section.4}% 11
\BOOKMARK [1][-]{section.5}{\376\377\000C\000S\000A\000D\000-\000A\000T\150\106\147\266}{}% 12
\BOOKMARK [2][-]{subsection.5.1}{\376\377\150\106\147\266\151\202\217\360}{section.5}% 13
\BOOKMARK [2][-]{subsection.5.2}{\376\377\122\006\145\160\137\122\116\000\123\026\116\016\200\132\124\010}{section.5}% 14
\BOOKMARK [2][-]{subsection.5.3}{\376\377\000I\000-\000S\000P\000O\000T\201\352\220\002\136\224\226\010\120\074\173\227\154\325}{section.5}% 15
\BOOKMARK [1][-]{section.6}{\376\377\133\236\232\214\232\214\213\301\116\016\122\006\147\220}{}% 16
\BOOKMARK [2][-]{subsection.6.1}{\376\377\133\236\232\214\213\276\177\156}{section.6}% 17
\BOOKMARK [2][-]{subsection.6.2}{\376\377\145\164\117\123\140\047\200\375\122\006\147\220}{section.6}% 18
\BOOKMARK [2][-]{subsection.6.3}{\376\377\122\006\145\160\200\132\124\010\173\126\165\145\133\371\153\324}{section.6}% 19
\BOOKMARK [2][-]{subsection.6.4}{\376\377\155\210\207\215\133\236\232\214}{section.6}% 20
\BOOKMARK [2][-]{subsection.6.5}{\376\377\000I\000-\000S\000P\000O\000T\116\016\176\317\121\170\000S\000P\000O\000T\133\371\153\324}{section.6}% 21
\BOOKMARK [1][-]{section.7}{\376\377\176\323\213\272}{}% 22
