\BOOKMARK [1][-]{section*.1}{\376\377\137\025\212\000}{}% 1
\BOOKMARK [1][-]{section.1}{\376\377\166\370\121\163\135\345\117\134}{}% 2
\BOOKMARK [2][-]{subsection.1.1}{\376\377\131\032\121\103\145\366\136\217\137\002\136\070\150\300\155\113\173\227\154\325}{section.1}% 3
\BOOKMARK [2][-]{subsection.1.2}{\376\377\127\372\116\216\146\362\176\277\166\370\117\074\136\246\166\204\137\002\136\070\150\300\155\113\145\271\154\325}{section.1}% 4
\BOOKMARK [1][-]{section.2}{\376\377\225\356\230\230\133\232\116\111}{}% 5
\BOOKMARK [2][-]{subsection.2.1}{\376\377\145\160\143\156\152\041\127\213}{section.2}% 6
\BOOKMARK [2][-]{subsection.2.2}{\376\377\137\002\136\070\202\202\160\271\150\300\155\113\225\356\230\230}{section.2}% 7
\BOOKMARK [2][-]{subsection.2.3}{\376\377\121\163\225\056\145\160\143\156\162\171\140\047}{section.2}% 8
\BOOKMARK [1][-]{section.3}{\376\377\145\271\154\325\116\313\176\315}{}% 9
\BOOKMARK [2][-]{subsection.3.1}{\376\377\173\227\154\325\150\106\147\266\151\202\217\360}{section.3}% 10
\BOOKMARK [2][-]{subsection.3.2}{\376\377\131\032\211\306\211\322\146\362\176\277\166\370\117\074\140\047\213\304\122\006}{section.3}% 11
\BOOKMARK [3][-]{subsubsection.3.2.1}{\376\377\127\372\116\216\153\047\154\017\215\335\171\273\166\204\145\160\120\074\166\370\117\074\140\047\213\304\122\006}{subsection.3.2}% 12
\BOOKMARK [3][-]{subsubsection.3.2.2}{\376\377\127\372\116\216\201\352\177\026\170\001\126\150\135\114\121\145\166\204\137\142\140\001\166\370\117\074\140\047\213\304\122\006}{subsection.3.2}% 13
\BOOKMARK [3][-]{subsubsection.3.2.3}{\376\377\127\372\116\216\134\100\220\350\133\306\136\246\120\117\171\273\166\204\213\304\122\006}{subsection.3.2}% 14
\BOOKMARK [2][-]{subsection.3.3}{\376\377\122\006\145\160\137\122\116\000\123\026\116\016\200\132\124\010}{section.3}% 15
\BOOKMARK [2][-]{subsection.3.4}{\376\377\000I\000-\000S\000P\000O\000T\201\352\220\002\136\224\226\010\120\074\173\227\154\325}{section.3}% 16
\BOOKMARK [3][-]{subsubsection.3.4.1}{\376\377\176\317\121\170\000S\000P\000O\000T\173\227\154\325\123\312\121\166\134\100\226\120}{subsection.3.4}% 17
\BOOKMARK [3][-]{subsubsection.3.4.2}{\376\377\000I\000-\000S\000P\000O\000T\173\227\154\325\213\276\213\241}{subsection.3.4}% 18
\BOOKMARK [3][-]{subsubsection.3.4.3}{\376\377\121\150\134\100\136\217\122\027\213\276\213\241}{subsection.3.4}% 19
\BOOKMARK [1][-]{section.4}{\376\377\145\110\147\234\213\304\117\060}{}% 20
\BOOKMARK [2][-]{subsection.4.1}{\376\377\145\160\143\156\226\306}{section.4}% 21
\BOOKMARK [2][-]{subsection.4.2}{\376\377\133\236\232\214\213\276\177\156}{section.4}% 22
\BOOKMARK [2][-]{subsection.4.3}{\376\377\145\164\117\123\140\047\200\375\133\371\153\324}{section.4}% 23
\BOOKMARK [2][-]{subsection.4.4}{\376\377\116\272\135\345\226\010\120\074\166\204\134\100\226\120\140\047\122\006\147\220}{section.4}% 24
\BOOKMARK [2][-]{subsection.4.5}{\376\377\122\006\145\160\200\132\124\010\173\126\165\145\133\371\153\324}{section.4}% 25
\BOOKMARK [2][-]{subsection.4.6}{\376\377\155\210\207\215\133\236\232\214}{section.4}% 26
\BOOKMARK [2][-]{subsection.4.7}{\376\377\000I\000-\000S\000P\000O\000T\116\016\176\317\121\170\000S\000P\000O\000T\133\371\153\324}{section.4}% 27
\BOOKMARK [1][-]{section.5}{\376\377\140\073\176\323\116\016\134\125\147\033}{}% 28
