\BOOKMARK [0][-]{section*.2}{\376\377\144\130\000\040\211\201}{}% 1
\BOOKMARK [0][-]{section*.4}{Abstract}{}% 2
\BOOKMARK [0][-]{section*.5}{\376\377\166\356\000\040\137\125}{}% 3
\BOOKMARK [0][-]{section*.7}{\376\377\126\376\210\150\166\356\137\125}{}% 4
\BOOKMARK [0][-]{chapter.1}{\376\377\173\054\0001\172\340\000\040\000\040\176\352\213\272}{}% 5
\BOOKMARK [1][-]{section.1.1}{\376\377\0001\000.\0001\000\040\170\024\172\166\200\314\146\157\123\312\141\017\116\111}{chapter.1}% 6
\BOOKMARK [1][-]{section.1.2}{\376\377\0001\000.\0002\000\040\126\375\121\205\131\026\170\024\172\166\163\260\162\266}{chapter.1}% 7
\BOOKMARK [1][-]{section.1.3}{\376\377\0001\000.\0003\000\040\213\272\145\207\170\024\172\166\121\205\133\271\124\214\215\041\163\056}{chapter.1}% 8
\BOOKMARK [2][-]{subsection.1.3.1}{\376\377\0001\000.\0003\000.\0001\000\040\116\073\211\201\170\024\172\166\121\205\133\271}{section.1.3}% 9
\BOOKMARK [2][-]{subsection.1.3.2}{\376\377\0001\000.\0003\000.\0002\000\040\116\073\211\201\215\041\163\056}{section.1.3}% 10
\BOOKMARK [1][-]{section.1.4}{\376\377\0001\000.\0004\000\040\213\272\145\207\176\304\176\307\176\323\147\204}{chapter.1}% 11
\BOOKMARK [0][-]{chapter.2}{\376\377\173\054\0002\172\340\000\040\000\040\166\370\121\163\200\314\146\157\167\345\213\306\116\016\164\006\213\272\127\372\170\100}{}% 12
\BOOKMARK [1][-]{section.2.1}{\376\377\0002\000.\0001\000\040\145\366\225\364\136\217\122\027\137\002\136\070\151\202\217\360}{chapter.2}% 13
\BOOKMARK [2][-]{subsection.2.1.1}{\376\377\0002\000.\0001\000.\0001\000\040\145\366\225\364\136\217\122\027\137\002\136\070\145\160\143\156\173\200\116\313}{section.2.1}% 14
\BOOKMARK [2][-]{subsection.2.1.2}{\376\377\0002\000.\0001\000.\0002\000\040\145\366\225\364\136\217\122\027\137\002\136\070\133\232\116\111\116\016\122\006\174\173}{section.2.1}% 15
\BOOKMARK [1][-]{section.2.2}{\376\377\0002\000.\0002\000\040\145\366\136\217\137\002\136\070\150\300\155\113\173\227\154\325}{chapter.2}% 16
\BOOKMARK [2][-]{subsection.2.2.1}{\376\377\0002\000.\0002\000.\0001\000\040\123\125\123\330\221\317\145\366\136\217\137\002\136\070\150\300\155\113}{section.2.2}% 17
\BOOKMARK [2][-]{subsection.2.2.2}{\376\377\0002\000.\0002\000.\0002\000\040\131\032\121\103\145\366\136\217\137\002\136\070\150\300\155\113}{section.2.2}% 18
\BOOKMARK [1][-]{section.2.3}{\376\377\0002\000.\0003\000\040\122\006\136\003\137\017\226\306\177\244\166\321\143\247\145\160\143\156\116\016\137\002\136\070\150\300\155\113}{chapter.2}% 19
\BOOKMARK [2][-]{subsection.2.3.1}{\376\377\0002\000.\0003\000.\0001\000\040\122\006\136\003\137\017\226\306\177\244\151\202\217\360}{section.2.3}% 20
\BOOKMARK [2][-]{subsection.2.3.2}{\376\377\0002\000.\0003\000.\0002\000\040\226\306\177\244\166\321\143\247\145\160\143\156\162\171\160\271}{section.2.3}% 21
\BOOKMARK [2][-]{subsection.2.3.3}{\376\377\0002\000.\0003\000.\0003\000\040\122\006\136\003\137\017\137\002\136\070\150\300\155\113\174\373\176\337\147\266\147\204}{section.2.3}% 22
\BOOKMARK [2][-]{subsection.2.3.4}{\376\377\0002\000.\0003\000.\0004\000\040\137\002\136\070\150\300\155\113\145\271\154\325\127\050\226\306\177\244\145\160\143\156\116\055\166\204\136\224\165\050\116\016\143\021\142\030}{section.2.3}% 23
\BOOKMARK [1][-]{section.2.4}{\376\377\0002\000.\0004\000\040\147\054\172\340\134\017\176\323}{chapter.2}% 24
\BOOKMARK [0][-]{chapter.3}{\376\377\173\054\0003\172\340\000\040\000\040\000C\000S\000A\000D\000-\000A\000T\377\032\226\010\120\074\234\201\150\322\166\204\123\125\143\007\150\007\131\032\202\202\160\271\137\002\136\070\150\300\155\113\173\227\154\325}{}% 25
\BOOKMARK [1][-]{section.3.1}{\376\377\0003\000.\0001\000\040\131\032\202\202\160\271\123\125\143\007\150\007\145\160\143\156\147\204\136\372}{chapter.3}% 26
\BOOKMARK [2][-]{subsection.3.1.1}{\376\377\0003\000.\0001\000.\0001\000\040\145\160\143\156\147\145\156\220\116\016\221\307\226\306}{section.3.1}% 27
\BOOKMARK [2][-]{subsection.3.1.2}{\376\377\0003\000.\0001\000.\0002\000\040\145\160\143\156\226\306\230\204\131\004\164\006\116\016\150\007\154\350}{section.3.1}% 28
\BOOKMARK [2][-]{subsection.3.1.3}{\376\377\0003\000.\0001\000.\0003\000\040\145\160\143\156\226\306\176\337\213\241\116\016\123\357\211\306\123\026}{section.3.1}% 29
\BOOKMARK [1][-]{section.3.2}{\376\377\0003\000.\0002\000\040\127\372\116\216\145\366\225\364\124\214\172\172\225\364\166\204\137\002\136\070\150\300\155\113\173\227\154\325\213\304\117\060}{chapter.3}% 30
\BOOKMARK [2][-]{subsection.3.2.1}{\376\377\0003\000.\0002\000.\0001\000\040\127\372\176\277\173\227\154\325\220\011\142\351}{section.3.2}% 31
\BOOKMARK [2][-]{subsection.3.2.2}{\376\377\0003\000.\0002\000.\0002\000\040\213\304\117\060\176\323\147\234\122\006\147\220}{section.3.2}% 32
\BOOKMARK [1][-]{section.3.3}{\376\377\0003\000.\0003\000\040\127\372\116\216\202\202\160\271\166\370\117\074\140\047\166\204\137\002\136\070\150\300\155\113\173\227\154\325}{chapter.3}% 33
\BOOKMARK [2][-]{subsection.3.3.1}{\376\377\0003\000.\0003\000.\0001\000\040\127\372\116\216\153\047\154\017\215\335\171\273\166\204\145\160\120\074\166\370\117\074\140\047\136\246\221\317}{section.3.3}% 34
\BOOKMARK [2][-]{subsection.3.3.2}{\376\377\0003\000.\0003\000.\0002\000\040\127\372\116\216\201\352\177\026\170\001\126\150\135\114\121\145\166\204\137\142\140\001\166\370\117\074\140\047\136\246\221\317}{section.3.3}% 35
\BOOKMARK [2][-]{subsection.3.3.3}{\376\377\0003\000.\0003\000.\0003\000\040\127\372\116\216\000D\000B\000S\000C\000A\000N\200\132\174\173\166\204\133\306\136\246\166\370\117\074\140\047\136\246\221\317}{section.3.3}% 36
\BOOKMARK [2][-]{subsection.3.3.4}{\376\377\0003\000.\0003\000.\0004\000\040\123\302\145\160\145\117\141\037\140\047\133\236\232\214\123\312\122\006\147\220}{section.3.3}% 37
\BOOKMARK [1][-]{section.3.4}{\376\377\0003\000.\0004\000\040\000C\000S\000A\000D\000-\000A\000T\377\032\226\010\120\074\201\352\220\002\136\224\166\204\137\002\136\070\150\300\155\113\150\106\147\266}{chapter.3}% 38
\BOOKMARK [2][-]{subsection.3.4.1}{\376\377\0003\000.\0004\000.\0001\000\040\150\106\147\266\151\202\217\360}{section.3.4}% 39
\BOOKMARK [2][-]{subsection.3.4.2}{\376\377\0003\000.\0004\000.\0002\000\040\131\032\211\306\211\322\137\002\136\070\213\304\122\006}{section.3.4}% 40
\BOOKMARK [2][-]{subsection.3.4.3}{\376\377\0003\000.\0004\000.\0003\000\040\122\006\145\160\137\122\116\000\123\026\116\016\200\132\124\010}{section.3.4}% 41
\BOOKMARK [2][-]{subsection.3.4.4}{\376\377\0003\000.\0004\000.\0004\000\040\000I\000-\000S\000P\000O\000T\377\032\123\005\133\271\140\047\201\352\220\002\136\224\226\010\120\074\150\300\155\113\173\227\154\325}{section.3.4}% 42
\BOOKMARK [1][-]{section.3.5}{\376\377\0003\000.\0005\000\040\133\236\232\214\232\214\213\301\116\016\122\006\147\220}{chapter.3}% 43
\BOOKMARK [2][-]{subsection.3.5.1}{\376\377\0003\000.\0005\000.\0001\000\040\133\236\232\214\213\276\177\156}{section.3.5}% 44
\BOOKMARK [2][-]{subsection.3.5.2}{\376\377\0003\000.\0005\000.\0002\000\040\145\164\117\123\140\047\200\375\122\006\147\220}{section.3.5}% 45
\BOOKMARK [2][-]{subsection.3.5.3}{\376\377\0003\000.\0005\000.\0003\000\040\122\006\145\160\200\132\124\010\173\126\165\145\133\371\153\324\133\236\232\214}{section.3.5}% 46
\BOOKMARK [2][-]{subsection.3.5.4}{\376\377\0003\000.\0005\000.\0004\000\040\155\210\207\215\133\236\232\214\377\032\124\004\213\304\122\006\145\271\154\325\215\041\163\056\122\006\147\220}{section.3.5}% 47
\BOOKMARK [2][-]{subsection.3.5.5}{\376\377\0003\000.\0005\000.\0005\000\040\000I\000-\000S\000P\000O\000T\116\016\176\317\121\170\000S\000P\000O\000T\133\371\153\324\133\236\232\214}{section.3.5}% 48
\BOOKMARK [1][-]{section.3.6}{\376\377\0003\000.\0006\000\040\147\054\172\340\134\017\176\323}{chapter.3}% 49
\BOOKMARK [0][-]{chapter.4}{\376\377\173\054\0004\172\340\000\040\000\040\145\160\120\074\000-\137\142\162\266\123\314\211\306\211\322\207\215\124\010\166\204\131\032\143\007\150\007\131\032\202\202\160\271\137\002\136\070\150\300\155\113}{}% 50
\BOOKMARK [1][-]{section.4.1}{\376\377\0004\000.\0001\000\040\226\306\177\244\131\032\143\007\150\007\131\032\202\202\160\271\145\160\143\156\226\306\123\312\000N\000S\000F\000u\000s\000i\000o\000n\173\227\154\325\150\106\147\266}{chapter.4}% 51
\BOOKMARK [2][-]{subsection.4.1.1}{\376\377\0004\000.\0001\000.\0001\000\040\131\032\143\007\150\007\131\032\202\202\160\271\145\160\143\156\226\306\151\202\217\360}{section.4.1}% 52
\BOOKMARK [2][-]{subsection.4.1.2}{\376\377\0004\000.\0001\000.\0002\000\040\225\356\230\230\122\006\147\220\116\016\143\021\142\030}{section.4.1}% 53
\BOOKMARK [2][-]{subsection.4.1.3}{\376\377\0004\000.\0001\000.\0003\000\040\000N\000S\000F\000u\000s\000i\000o\000n\173\227\154\325\150\106\147\266}{section.4.1}% 54
\BOOKMARK [1][-]{section.4.2}{\376\377\0004\000.\0002\000\040\127\372\116\216\145\160\120\074\162\171\137\201\166\204\137\002\136\070\150\300\155\113\173\227\154\325}{chapter.4}% 55
\BOOKMARK [2][-]{subsection.4.2.1}{\376\377\0004\000.\0002\000.\0001\000\040\127\372\116\216\153\047\154\017\215\335\171\273\166\204\123\125\143\007\150\007\137\002\136\070\136\246\221\317}{section.4.2}% 56
\BOOKMARK [2][-]{subsection.4.2.2}{\376\377\0004\000.\0002\000.\0002\000\040\131\032\143\007\150\007\122\240\147\103\207\215\124\010\173\126\165\145}{section.4.2}% 57
\BOOKMARK [2][-]{subsection.4.2.3}{\376\377\0004\000.\0002\000.\0003\000\040\173\227\154\325\133\236\163\260\116\016\145\110\163\207\117\030\123\026}{section.4.2}% 58
\BOOKMARK [1][-]{section.4.3}{\376\377\0004\000.\0003\000\040\127\372\116\216\137\142\162\266\162\171\137\201\166\204\137\002\136\070\150\300\155\113\173\227\154\325}{chapter.4}% 59
\BOOKMARK [2][-]{subsection.4.3.1}{\376\377\0004\000.\0003\000.\0001\000\040\176\317\121\170\000S\000A\000X\173\227\154\325\123\237\164\006}{section.4.3}% 60
\BOOKMARK [2][-]{subsection.4.3.2}{\376\377\0004\000.\0003\000.\0002\000\040\227\142\124\021\226\306\177\244\145\105\226\234\150\300\155\113\166\204\000F\000R\000-\000S\000A\000X\173\227\154\325}{section.4.3}% 61
\BOOKMARK [2][-]{subsection.4.3.3}{\376\377\0004\000.\0003\000.\0003\000\040\173\227\154\325\145\110\163\207\117\030\123\026}{section.4.3}% 62
\BOOKMARK [1][-]{section.4.4}{\376\377\0004\000.\0004\000\040\131\032\173\227\154\325\207\215\124\010\116\016\145\105\226\234\133\232\117\115}{chapter.4}% 63
\BOOKMARK [2][-]{subsection.4.4.1}{\376\377\0004\000.\0004\000.\0001\000\040\123\314\211\306\211\322\122\240\147\103\207\215\124\010\213\276\213\241}{section.4.4}% 64
\BOOKMARK [2][-]{subsection.4.4.2}{\376\377\0004\000.\0004\000.\0002\000\040\145\105\226\234\133\232\117\115\116\016\150\071\126\340\122\006\147\220\136\372\213\256}{section.4.4}% 65
\BOOKMARK [1][-]{section.4.5}{\376\377\0004\000.\0005\000\040\133\236\232\214\232\214\213\301\116\016\133\371\153\324\122\006\147\220}{chapter.4}% 66
\BOOKMARK [2][-]{subsection.4.5.1}{\376\377\0004\000.\0005\000.\0001\000\040\133\236\232\214\213\276\177\156}{section.4.5}% 67
\BOOKMARK [2][-]{subsection.4.5.2}{\376\377\0004\000.\0005\000.\0002\000\040\145\271\154\325\176\323\147\234\133\371\153\324\122\006\147\220}{section.4.5}% 68
\BOOKMARK [2][-]{subsection.4.5.3}{\376\377\0004\000.\0005\000.\0003\000\040\207\215\124\010\145\271\154\325\117\030\122\277\122\006\147\220}{section.4.5}% 69
\BOOKMARK [2][-]{subsection.4.5.4}{\376\377\0004\000.\0005\000.\0004\000\040\173\227\154\325\145\110\163\207\133\236\232\214\133\371\153\324}{section.4.5}% 70
\BOOKMARK [1][-]{section.4.6}{\376\377\0004\000.\0006\000\040\147\054\172\340\134\017\176\323}{chapter.4}% 71
\BOOKMARK [0][-]{chapter.5}{\376\377\173\054\0005\172\340\000\040\000\040\127\372\116\216\146\362\176\277\166\370\117\074\140\047\166\204\137\002\136\070\150\300\155\113\174\373\176\337}{}% 72
\BOOKMARK [1][-]{section.5.1}{\376\377\0005\000.\0001\000\040\174\373\176\337\213\276\213\241}{chapter.5}% 73
\BOOKMARK [2][-]{subsection.5.1.1}{\376\377\0005\000.\0001\000.\0001\000\040\122\237\200\375\152\041\127\127\213\276\213\241}{section.5.1}% 74
\BOOKMARK [2][-]{subsection.5.1.2}{\376\377\0005\000.\0001\000.\0002\000\040\174\373\176\337\147\266\147\204\213\276\213\241}{section.5.1}% 75
\BOOKMARK [2][-]{subsection.5.1.3}{\376\377\0005\000.\0001\000.\0003\000\040\145\160\143\156\136\223\213\276\213\241}{section.5.1}% 76
\BOOKMARK [1][-]{section.5.2}{\376\377\0005\000.\0002\000\040\174\373\176\337\133\236\163\260}{chapter.5}% 77
\BOOKMARK [2][-]{subsection.5.2.1}{\376\377\0005\000.\0002\000.\0001\000\040\145\160\143\156\143\245\121\145\116\016\230\204\131\004\164\006}{section.5.2}% 78
\BOOKMARK [2][-]{subsection.5.2.2}{\376\377\0005\000.\0002\000.\0002\000\040\150\300\155\113\137\025\144\316}{section.5.2}% 79
\BOOKMARK [2][-]{subsection.5.2.3}{\376\377\0005\000.\0002\000.\0003\000\040\136\070\140\001\123\026\166\321\143\247}{section.5.2}% 80
\BOOKMARK [2][-]{subsection.5.2.4}{\376\377\0005\000.\0002\000.\0004\000\040\124\112\213\146\173\241\164\006}{section.5.2}% 81
\BOOKMARK [2][-]{subsection.5.2.5}{\376\377\0005\000.\0002\000.\0005\000\040\123\357\211\306\123\026\116\016\145\160\143\156\167\013\147\177}{section.5.2}% 82
\BOOKMARK [2][-]{subsection.5.2.6}{\376\377\0005\000.\0002\000.\0006\000\040\000R\000E\000S\000T\000f\000u\000l\000\040\000A\000P\000I\143\245\123\343\213\276\213\241}{section.5.2}% 83
\BOOKMARK [1][-]{section.5.3}{\376\377\0005\000.\0003\000\040\174\373\176\337\122\237\200\375\232\214\213\301}{chapter.5}% 84
\BOOKMARK [2][-]{subsection.5.3.1}{\376\377\0005\000.\0003\000.\0001\000\040\174\373\176\337\140\047\200\375\213\304\117\060}{section.5.3}% 85
\BOOKMARK [2][-]{subsection.5.3.2}{\376\377\0005\000.\0003\000.\0002\000\040\136\070\140\001\123\026\166\321\143\247\122\237\200\375\232\214\213\301}{section.5.3}% 86
\BOOKMARK [2][-]{subsection.5.3.3}{\376\377\0005\000.\0003\000.\0003\000\040\124\112\213\146\122\237\200\375\232\214\213\301}{section.5.3}% 87
\BOOKMARK [1][-]{section.5.4}{\376\377\0005\000.\0004\000\040\147\054\172\340\134\017\176\323}{chapter.5}% 88
\BOOKMARK [0][-]{chapter.6}{\376\377\173\054\0006\172\340\000\040\000\040\140\073\176\323\116\016\134\125\147\033}{}% 89
\BOOKMARK [1][-]{section.6.1}{\376\377\0006\000.\0001\000\040\147\054\145\207\135\345\117\134\140\073\176\323}{chapter.6}% 90
\BOOKMARK [1][-]{section.6.2}{\376\377\0006\000.\0002\000\040\147\052\147\145\170\024\172\166\134\125\147\033}{chapter.6}% 91
\BOOKMARK [0][-]{section*.51}{\376\377\123\302\200\003\145\207\163\056}{}% 92
\BOOKMARK [0][-]{chapter*.53}{\376\377\201\364\214\042}{}% 93
\BOOKMARK [0][-]{chapter*.54}{\376\377\117\134\200\005\173\200\123\206\123\312\145\073\213\373\133\146\117\115\147\037\225\364\123\321\210\150\166\204\133\146\147\057\213\272\145\207\116\016\121\166\116\326\166\370\121\163\133\146\147\057\142\020\147\234}{}% 94
